BEGIN 1:fault_injection_test:fast:work
    #ublk#168732004#101.txn :  1:fault_injection_test:fast:work
    env :  1:fault_injection_test:fast:work
END 
BEGIN 3:fifo_if:fast__2:work
    dout :  1:fault_injection_test:fast:work
    overflow :  1:fault_injection_test:fast:work
    wr_en :  1:fault_injection_test:fast:work
    almost_full :  1:fault_injection_test:fast:work
    occupancy :  1:fault_injection_test:fast:work
    din :  1:fault_injection_test:fast:work
    dbg_operation :  1:fault_injection_test:fast:work
    flush :  1:fault_injection_test:fast:work
    ae_threshold :  1:fault_injection_test:fast:work
    almost_empty :  1:fault_injection_test:fast:work
    full :  1:fault_injection_test:fast:work
    underflow :  1:fault_injection_test:fast:work
    rd_en :  1:fault_injection_test:fast:work
    debug_status :  1:fault_injection_test:fast:work
    enable :  1:fault_injection_test:fast:work
    empty :  1:fault_injection_test:fast:work
    af_threshold :  1:fault_injection_test:fast:work
END 
